MNIST train stats: mean=0.1307, std=0.3081

=== a_baseline_sgd_1e-3 ===
  epoch  10/100  loss=0.7614
  epoch  20/100  loss=0.5799
  epoch  30/100  loss=0.5087
  epoch  40/100  loss=0.4688
  epoch  50/100  loss=0.4426
  epoch  60/100  loss=0.4238
  epoch  70/100  loss=0.4094
  epoch  80/100  loss=0.3979
  epoch  90/100  loss=0.3884
  epoch 100/100  loss=0.3805
  final test acc = 90.32%   saved to ./models/a_baseline_sgd_1e-3.pkl

=== b_sgd_lr_0.1 ===
  epoch  10/100  loss=0.2843
  epoch  20/100  loss=0.2682
  epoch  30/100  loss=0.2606
  epoch  40/100  loss=0.2560
  epoch  50/100  loss=0.2525
  epoch  60/100  loss=0.2498
  epoch  70/100  loss=0.2474
  epoch  80/100  loss=0.2455
  epoch  90/100  loss=0.2439
  epoch 100/100  loss=0.2428
  final test acc = 92.65%   saved to ./models/b_sgd_lr_0.1.pkl

=== c_sgd_momentum ===
  epoch  10/100  loss=0.2721
  epoch  20/100  loss=0.2599
  epoch  30/100  loss=0.2550
  epoch  40/100  loss=0.2529
  epoch  50/100  loss=0.2508
  epoch  60/100  loss=0.2497
  epoch  70/100  loss=0.2468
  epoch  80/100  loss=0.2472
  epoch  90/100  loss=0.2455
  epoch 100/100  loss=0.2457
  final test acc = 91.61%   saved to ./models/c_sgd_momentum.pkl

=== d_sgd_momentum_normalize ===
  epoch  10/100  loss=0.5910
  epoch  20/100  loss=0.5680
  epoch  30/100  loss=0.5557
  epoch  40/100  loss=0.5738
  epoch  50/100  loss=0.5633
  epoch  60/100  loss=0.5655
  epoch  70/100  loss=0.5671
  epoch  80/100  loss=0.5750
  epoch  90/100  loss=0.5722
  epoch 100/100  loss=0.5736
  final test acc = 88.38%   saved to ./models/d_sgd_momentum_normalize.pkl

=== e_sgd_momentum_normalize ===
  epoch  10/100  loss=0.5910
  epoch  20/100  loss=0.5680
  epoch  30/100  loss=0.5557
  epoch  40/100  loss=0.5738
  epoch  50/100  loss=0.5633
  epoch  60/100  loss=0.5655
  epoch  70/100  loss=0.5671
  epoch  80/100  loss=0.5750
  epoch  90/100  loss=0.5722
  epoch 100/100  loss=0.5736
  final test acc = 88.38%   saved to ./models/e_sgd_momentum_normalize.pkl

=== f_adam ===
  epoch  10/100  loss=0.2585
  epoch  20/100  loss=0.2474
  epoch  30/100  loss=0.2420
  epoch  40/100  loss=0.2389
  epoch  50/100  loss=0.2374
  epoch  60/100  loss=0.2355
  epoch  70/100  loss=0.2333
  epoch  80/100  loss=0.2326
  epoch  90/100  loss=0.2325
  epoch 100/100  loss=0.2318
  final test acc = 92.29%   saved to ./models/f_adam.pkl

Loss curves saved to ./loss_curves.png

--- summary ---
a_baseline_sgd_1e-3            acc=90.32%   model=./models/a_baseline_sgd_1e-3.pkl
b_sgd_lr_0.1                   acc=92.65%   model=./models/b_sgd_lr_0.1.pkl
c_sgd_momentum                 acc=91.61%   model=./models/c_sgd_momentum.pkl
d_sgd_momentum_normalize       acc=88.38%   model=./models/d_sgd_momentum_normalize.pkl
e_sgd_momentum_normalize       acc=88.38%   model=./models/e_sgd_momentum_normalize.pkl
f_adam                         acc=92.29%   model=./models/f_adam.pkl
